Archive member included to satisfy reference by file (symbol)

c:/st/stm32cubeide_1.9.0/stm32cubeide/plugins/com.st.stm32cube.ide.mcu.externaltools.gnu-tools-for-stm32.10.3-2021.10.win32_1.0.0.202111181127/tools/bin/../lib/gcc/arm-none-eabi/10.3.1/../../../../arm-none-eabi/lib/thumb/v7-m/nofp\libc_nano.a(lib_a-errno.o)
                              ./Core/Src/syscalls.o (__errno)
c:/st/stm32cubeide_1.9.0/stm32cubeide/plugins/com.st.stm32cube.ide.mcu.externaltools.gnu-tools-for-stm32.10.3-2021.10.win32_1.0.0.202111181127/tools/bin/../lib/gcc/arm-none-eabi/10.3.1/../../../../arm-none-eabi/lib/thumb/v7-m/nofp\libc_nano.a(lib_a-exit.o)
                              c:/st/stm32cubeide_1.9.0/stm32cubeide/plugins/com.st.stm32cube.ide.mcu.externaltools.gnu-tools-for-stm32.10.3-2021.10.win32_1.0.0.202111181127/tools/bin/../lib/gcc/arm-none-eabi/10.3.1/../../../../arm-none-eabi/lib/thumb/v7-m/nofp/crt0.o (exit)
c:/st/stm32cubeide_1.9.0/stm32cubeide/plugins/com.st.stm32cube.ide.mcu.externaltools.gnu-tools-for-stm32.10.3-2021.10.win32_1.0.0.202111181127/tools/bin/../lib/gcc/arm-none-eabi/10.3.1/../../../../arm-none-eabi/lib/thumb/v7-m/nofp\libc_nano.a(lib_a-impure.o)
                              c:/st/stm32cubeide_1.9.0/stm32cubeide/plugins/com.st.stm32cube.ide.mcu.externaltools.gnu-tools-for-stm32.10.3-2021.10.win32_1.0.0.202111181127/tools/bin/../lib/gcc/arm-none-eabi/10.3.1/../../../../arm-none-eabi/lib/thumb/v7-m/nofp\libc_nano.a(lib_a-exit.o) (_global_impure_ptr)
c:/st/stm32cubeide_1.9.0/stm32cubeide/plugins/com.st.stm32cube.ide.mcu.externaltools.gnu-tools-for-stm32.10.3-2021.10.win32_1.0.0.202111181127/tools/bin/../lib/gcc/arm-none-eabi/10.3.1/../../../../arm-none-eabi/lib/thumb/v7-m/nofp\libc_nano.a(lib_a-init.o)
                              c:/st/stm32cubeide_1.9.0/stm32cubeide/plugins/com.st.stm32cube.ide.mcu.externaltools.gnu-tools-for-stm32.10.3-2021.10.win32_1.0.0.202111181127/tools/bin/../lib/gcc/arm-none-eabi/10.3.1/../../../../arm-none-eabi/lib/thumb/v7-m/nofp/crt0.o (__libc_init_array)
c:/st/stm32cubeide_1.9.0/stm32cubeide/plugins/com.st.stm32cube.ide.mcu.externaltools.gnu-tools-for-stm32.10.3-2021.10.win32_1.0.0.202111181127/tools/bin/../lib/gcc/arm-none-eabi/10.3.1/../../../../arm-none-eabi/lib/thumb/v7-m/nofp\libc_nano.a(lib_a-memset.o)
                              c:/st/stm32cubeide_1.9.0/stm32cubeide/plugins/com.st.stm32cube.ide.mcu.externaltools.gnu-tools-for-stm32.10.3-2021.10.win32_1.0.0.202111181127/tools/bin/../lib/gcc/arm-none-eabi/10.3.1/../../../../arm-none-eabi/lib/thumb/v7-m/nofp/crt0.o (memset)

Discarded input sections

 .text          0x0000000000000000        0x0 c:/st/stm32cubeide_1.9.0/stm32cubeide/plugins/com.st.stm32cube.ide.mcu.externaltools.gnu-tools-for-stm32.10.3-2021.10.win32_1.0.0.202111181127/tools/bin/../lib/gcc/arm-none-eabi/10.3.1/thumb/v7-m/nofp/crti.o
 .data          0x0000000000000000        0x0 c:/st/stm32cubeide_1.9.0/stm32cubeide/plugins/com.st.stm32cube.ide.mcu.externaltools.gnu-tools-for-stm32.10.3-2021.10.win32_1.0.0.202111181127/tools/bin/../lib/gcc/arm-none-eabi/10.3.1/thumb/v7-m/nofp/crti.o
 .bss           0x0000000000000000        0x0 c:/st/stm32cubeide_1.9.0/stm32cubeide/plugins/com.st.stm32cube.ide.mcu.externaltools.gnu-tools-for-stm32.10.3-2021.10.win32_1.0.0.202111181127/tools/bin/../lib/gcc/arm-none-eabi/10.3.1/thumb/v7-m/nofp/crti.o
 .data          0x0000000000000000        0x4 c:/st/stm32cubeide_1.9.0/stm32cubeide/plugins/com.st.stm32cube.ide.mcu.externaltools.gnu-tools-for-stm32.10.3-2021.10.win32_1.0.0.202111181127/tools/bin/../lib/gcc/arm-none-eabi/10.3.1/thumb/v7-m/nofp/crtbegin.o
 .rodata        0x0000000000000000       0x24 c:/st/stm32cubeide_1.9.0/stm32cubeide/plugins/com.st.stm32cube.ide.mcu.externaltools.gnu-tools-for-stm32.10.3-2021.10.win32_1.0.0.202111181127/tools/bin/../lib/gcc/arm-none-eabi/10.3.1/thumb/v7-m/nofp/crtbegin.o
 .text          0x0000000000000000       0x7c c:/st/stm32cubeide_1.9.0/stm32cubeide/plugins/com.st.stm32cube.ide.mcu.externaltools.gnu-tools-for-stm32.10.3-2021.10.win32_1.0.0.202111181127/tools/bin/../lib/gcc/arm-none-eabi/10.3.1/../../../../arm-none-eabi/lib/thumb/v7-m/nofp/crt0.o
 .data          0x0000000000000000        0x0 c:/st/stm32cubeide_1.9.0/stm32cubeide/plugins/com.st.stm32cube.ide.mcu.externaltools.gnu-tools-for-stm32.10.3-2021.10.win32_1.0.0.202111181127/tools/bin/../lib/gcc/arm-none-eabi/10.3.1/../../../../arm-none-eabi/lib/thumb/v7-m/nofp/crt0.o
 .bss           0x0000000000000000        0x0 c:/st/stm32cubeide_1.9.0/stm32cubeide/plugins/com.st.stm32cube.ide.mcu.externaltools.gnu-tools-for-stm32.10.3-2021.10.win32_1.0.0.202111181127/tools/bin/../lib/gcc/arm-none-eabi/10.3.1/../../../../arm-none-eabi/lib/thumb/v7-m/nofp/crt0.o
[...]
Memory Configuration

Name             Origin             Length             Attributes
RAM              0x0000000020000000 0x0000000000005000 xrw
FLASH            0x0000000008000000 0x0000000000010000 xr
*default*        0x0000000000000000 0xffffffffffffffff

Linker script and memory map

LOAD c:/st/stm32cubeide_1.9.0/stm32cubeide/plugins/com.st.stm32cube.ide.mcu.externaltools.gnu-tools-for-stm32.10.3-2021.10.win32_1.0.0.202111181127/tools/bin/../lib/gcc/arm-none-eabi/10.3.1/thumb/v7-m/nofp/crti.o
LOAD c:/st/stm32cubeide_1.9.0/stm32cubeide/plugins/com.st.stm32cube.ide.mcu.externaltools.gnu-tools-for-stm32.10.3-2021.10.win32_1.0.0.202111181127/tools/bin/../lib/gcc/arm-none-eabi/10.3.1/thumb/v7-m/nofp/crtbegin.o
LOAD c:/st/stm32cubeide_1.9.0/stm32cubeide/plugins/com.st.stm32cube.ide.mcu.externaltools.gnu-tools-for-stm32.10.3-2021.10.win32_1.0.0.202111181127/tools/bin/../lib/gcc/arm-none-eabi/10.3.1/../../../../arm-none-eabi/lib/thumb/v7-m/nofp/crt0.o
LOAD ./Core/Src/blinky.o
LOAD ./Core/Src/main.o
LOAD ./Core/Src/sc_timer_service.o
LOAD ./Core/Src/stm32f1xx_hal_msp.o
LOAD ./Core/Src/stm32f1xx_it.o
LOAD ./Core/Src/syscalls.o
LOAD ./Core/Src/sysmem.o
LOAD ./Core/Src/system_stm32f1xx.o
LOAD ./Core/Startup/startup_stm32f103c8tx.o
LOAD ./Drivers/STM32F1xx_HAL_Driver/Src/stm32f1xx_hal.o
LOAD ./Drivers/STM32F1xx_HAL_Driver/Src/stm32f1xx_hal_cortex.o
LOAD ./Drivers/STM32F1xx_HAL_Driver/Src/stm32f1xx_hal_dma.o
LOAD ./Drivers/STM32F1xx_HAL_Driver/Src/stm32f1xx_hal_exti.o
LOAD ./Drivers/STM32F1xx_HAL_Driver/Src/stm32f1xx_hal_flash.o
LOAD ./Drivers/STM32F1xx_HAL_Driver/Src/stm32f1xx_hal_flash_ex.o
LOAD ./Drivers/STM32F1xx_HAL_Driver/Src/stm32f1xx_hal_gpio.o
LOAD ./Drivers/STM32F1xx_HAL_Driver/Src/stm32f1xx_hal_gpio_ex.o
LOAD ./Drivers/STM32F1xx_HAL_Driver/Src/stm32f1xx_hal_pwr.o
LOAD ./Drivers/STM32F1xx_HAL_Driver/Src/stm32f1xx_hal_rcc.o
LOAD ./Drivers/STM32F1xx_HAL_Driver/Src/stm32f1xx_hal_rcc_ex.o
LOAD ./Drivers/STM32F1xx_HAL_Driver/Src/stm32f1xx_hal_tim.o
LOAD ./Drivers/STM32F1xx_HAL_Driver/Src/stm32f1xx_hal_tim_ex.o
START GROUP
LOAD c:/st/stm32cubeide_1.9.0/stm32cubeide/plugins/com.st.stm32cube.ide.mcu.externaltools.gnu-tools-for-stm32.10.3-2021.10.win32_1.0.0.202111181127/tools/bin/../lib/gcc/arm-none-eabi/10.3.1/../../../../arm-none-eabi/lib/thumb/v7-m/nofp\libc_nano.a
LOAD c:/st/stm32cubeide_1.9.0/stm32cubeide/plugins/com.st.stm32cube.ide.mcu.externaltools.gnu-tools-for-stm32.10.3-2021.10.win32_1.0.0.202111181127/tools/bin/../lib/gcc/arm-none-eabi/10.3.1/../../../../arm-none-eabi/lib/thumb/v7-m/nofp\libm.a
END GROUP
START GROUP
LOAD c:/st/stm32cubeide_1.9.0/stm32cubeide/plugins/com.st.stm32cube.ide.mcu.externaltools.gnu-tools-for-stm32.10.3-2021.10.win32_1.0.0.202111181127/tools/bin/../lib/gcc/arm-none-eabi/10.3.1/thumb/v7-m/nofp\libgcc.a
LOAD c:/st/stm32cubeide_1.9.0/stm32cubeide/plugins/com.st.stm32cube.ide.mcu.externaltools.gnu-tools-for-stm32.10.3-2021.10.win32_1.0.0.202111181127/tools/bin/../lib/gcc/arm-none-eabi/10.3.1/../../../../arm-none-eabi/lib/thumb/v7-m/nofp\libc_nano.a
END GROUP
START GROUP
LOAD c:/st/stm32cubeide_1.9.0/stm32cubeide/plugins/com.st.stm32cube.ide.mcu.externaltools.gnu-tools-for-stm32.10.3-2021.10.win32_1.0.0.202111181127/tools/bin/../lib/gcc/arm-none-eabi/10.3.1/thumb/v7-m/nofp\libgcc.a
LOAD c:/st/stm32cubeide_1.9.0/stm32cubeide/plugins/com.st.stm32cube.ide.mcu.externaltools.gnu-tools-for-stm32.10.3-2021.10.win32_1.0.0.202111181127/tools/bin/../lib/gcc/arm-none-eabi/10.3.1/../../../../arm-none-eabi/lib/thumb/v7-m/nofp\libc_nano.a
LOAD c:/st/stm32cubeide_1.9.0/stm32cubeide/plugins/com.st.stm32cube.ide.mcu.externaltools.gnu-tools-for-stm32.10.3-2021.10.win32_1.0.0.202111181127/tools/bin/../lib/gcc/arm-none-eabi/10.3.1/../../../../arm-none-eabi/lib/thumb/v7-m/nofp\libnosys.a
END GROUP
START GROUP
LOAD c:/st/stm32cubeide_1.9.0/stm32cubeide/plugins/com.st.stm32cube.ide.mcu.externaltools.gnu-tools-for-stm32.10.3-2021.10.win32_1.0.0.202111181127/tools/bin/../lib/gcc/arm-none-eabi/10.3.1/thumb/v7-m/nofp\libgcc.a
LOAD c:/st/stm32cubeide_1.9.0/stm32cubeide/plugins/com.st.stm32cube.ide.mcu.externaltools.gnu-tools-for-stm32.10.3-2021.10.win32_1.0.0.202111181127/tools/bin/../lib/gcc/arm-none-eabi/10.3.1/../../../../arm-none-eabi/lib/thumb/v7-m/nofp\libc_nano.a
LOAD c:/st/stm32cubeide_1.9.0/stm32cubeide/plugins/com.st.stm32cube.ide.mcu.externaltools.gnu-tools-for-stm32.10.3-2021.10.win32_1.0.0.202111181127/tools/bin/../lib/gcc/arm-none-eabi/10.3.1/../../../../arm-none-eabi/lib/thumb/v7-m/nofp\libnosys.a
END GROUP
LOAD c:/st/stm32cubeide_1.9.0/stm32cubeide/plugins/com.st.stm32cube.ide.mcu.externaltools.gnu-tools-for-stm32.10.3-2021.10.win32_1.0.0.202111181127/tools/bin/../lib/gcc/arm-none-eabi/10.3.1/thumb/v7-m/nofp/crtend.o
LOAD c:/st/stm32cubeide_1.9.0/stm32cubeide/plugins/com.st.stm32cube.ide.mcu.externaltools.gnu-tools-for-stm32.10.3-2021.10.win32_1.0.0.202111181127/tools/bin/../lib/gcc/arm-none-eabi/10.3.1/thumb/v7-m/nofp/crtn.o
                0x0000000020005000                _estack = (ORIGIN (RAM) + LENGTH (RAM))
                0x0000000000000200                _Min_Heap_Size = 0x200
                0x0000000000000400                _Min_Stack_Size = 0x400

.isr_vector     0x0000000008000000      0x10c
                0x0000000008000000                . = ALIGN (0x4)
 *(.isr_vector)
 .isr_vector    0x0000000008000000      0x10c ./Core/Startup/startup_stm32f103c8tx.o
                0x0000000008000000                g_pfnVectors
                0x000000000800010c                . = ALIGN (0x4)

.text           0x000000000800010c     0x2380
                0x000000000800010c                . = ALIGN (0x4)
 *(.text)
 .text          0x000000000800010c       0x40 c:/st/stm32cubeide_1.9.0/stm32cubeide/plugins/com.st.stm32cube.ide.mcu.externaltools.gnu-tools-for-stm32.10.3-2021.10.win32_1.0.0.202111181127/tools/bin/../lib/gcc/arm-none-eabi/10.3.1/thumb/v7-m/nofp/crtbegin.o
 *(.text*)
 .text.blinky_init
                0x000000000800014c       0x50 ./Core/Src/blinky.o
                0x000000000800014c                blinky_init
 .text.blinky_enter
                0x000000000800019c       0x2c ./Core/Src/blinky.o
                0x000000000800019c                blinky_enter
 .text.blinky_raise_time_event
                0x00000000080001c8       0x48 ./Core/Src/blinky.o
                0x00000000080001c8                blinky_raise_time_event
 .text.clear_in_events
                0x0000000008000210       0x1e ./Core/Src/blinky.o
 .text.micro_step
                0x000000000800022e       0x36 ./Core/Src/blinky.o
 .text.run_cycle
                0x0000000008000264       0x4e ./Core/Src/blinky.o
 *fill*         0x00000000080002b2        0x2 
 .text.enact_main_region_LEDs_off
                0x00000000080002b4       0x5c ./Core/Src/blinky.o
 .text.enact_main_region_LEDs_on
                0x0000000008000310       0x5c ./Core/Src/blinky.o
 .text.exact_main_region_LEDs_off
                0x000000000800036c       0x1c ./Core/Src/blinky.o
 .text.exact_main_region_LEDs_on
                0x0000000008000388       0x1c ./Core/Src/blinky.o
 .text.enseq_main_region_LEDs_off_default
                0x00000000080003a4       0x1c ./Core/Src/blinky.o
 .text.enseq_main_region_LEDs_on_default
                0x00000000080003c0       0x1c ./Core/Src/blinky.o
 .text.enseq_main_region_default
                0x00000000080003dc       0x16 ./Core/Src/blinky.o
 .text.exseq_main_region_LEDs_off
                0x00000000080003f2       0x1c ./Core/Src/blinky.o
 .text.exseq_main_region_LEDs_on
                0x000000000800040e       0x1c ./Core/Src/blinky.o
 .text.react_main_region__entry_Default
                0x000000000800042a       0x16 ./Core/Src/blinky.o
 .text.react    0x0000000008000440       0x16 ./Core/Src/blinky.o
 .text.main_region_LEDs_off_react
                0x0000000008000456       0x56 ./Core/Src/blinky.o
 .text.main_region_LEDs_on_react
                0x00000000080004ac       0x56 ./Core/Src/blinky.o
 .text.blinky_eventqueue_init
                0x0000000008000502       0x34 ./Core/Src/blinky.o
 .text.blinky_eventqueue_size
                0x0000000008000536       0x16 ./Core/Src/blinky.o
 .text.blinky_eventqueue_pop
                0x000000000800054c       0x64 ./Core/Src/blinky.o
 .text.blinky_eventqueue_push
                0x00000000080005b0       0x60 ./Core/Src/blinky.o
 .text.blinky_event_init
                0x0000000008000610       0x1c ./Core/Src/blinky.o
 .text.blinky_add_event_to_queue
                0x000000000800062c       0x2a ./Core/Src/blinky.o
 .text.blinky_dispatch_event
                0x0000000008000656       0x32 ./Core/Src/blinky.o
 .text.blinky_get_next_event
                0x0000000008000688       0x3c ./Core/Src/blinky.o
 .text.blinky_dispatch_next_event
                0x00000000080006c4       0x26 ./Core/Src/blinky.o
 .text.blinky_get_timed_event_name
                0x00000000080006ea       0x32 ./Core/Src/blinky.o
 .text.main     0x000000000800071c       0x48 ./Core/Src/main.o
                0x000000000800071c                main
 .text.SystemClock_Config
                0x0000000008000764       0x8c ./Core/Src/main.o
                0x0000000008000764                SystemClock_Config
 .text.MX_TIM3_Init
                0x00000000080007f0       0x9c ./Core/Src/main.o
 .text.MX_GPIO_Init
                0x000000000800088c      0x108 ./Core/Src/main.o
 .text.HAL_TIM_PeriodElapsedCallback
                0x0000000008000994       0x2c ./Core/Src/main.o
                0x0000000008000994                HAL_TIM_PeriodElapsedCallback
 .text.blinky_set_timer
                0x00000000080009c0       0x2c ./Core/Src/main.o
                0x00000000080009c0                blinky_set_timer
 .text.blinky_unset_timer
                0x00000000080009ec       0x20 ./Core/Src/main.o
                0x00000000080009ec                blinky_unset_timer
 .text.Error_Handler
                0x0000000008000a0c        0xa ./Core/Src/main.o
                0x0000000008000a0c                Error_Handler
 .text.sc_timer_fired
                0x0000000008000a16       0x22 ./Core/Src/sc_timer_service.o
 .text.sc_timer_start
                0x0000000008000a38       0xc2 ./Core/Src/sc_timer_service.o
                0x0000000008000a38                sc_timer_start
 .text.sc_timer_cancel
                0x0000000008000afa       0x6e ./Core/Src/sc_timer_service.o
                0x0000000008000afa                sc_timer_cancel
 .text.sc_timer_service_init
                0x0000000008000b68       0x4e ./Core/Src/sc_timer_service.o
                0x0000000008000b68                sc_timer_service_init
 .text.sc_timer_service_proceed
                0x0000000008000bb6      0x11e ./Core/Src/sc_timer_service.o
                0x0000000008000bb6                sc_timer_service_proceed
 .text.HAL_MspInit
                0x0000000008000cd4       0x64 ./Core/Src/stm32f1xx_hal_msp.o
                0x0000000008000cd4                HAL_MspInit
 .text.HAL_TIM_Base_MspInit
                0x0000000008000d38       0x4c ./Core/Src/stm32f1xx_hal_msp.o
                0x0000000008000d38                HAL_TIM_Base_MspInit
 .text.NMI_Handler
                0x0000000008000d84        0x6 ./Core/Src/stm32f1xx_it.o
                0x0000000008000d84                NMI_Handler
 .text.HardFault_Handler
                0x0000000008000d8a        0x6 ./Core/Src/stm32f1xx_it.o
                0x0000000008000d8a                HardFault_Handler
 .text.MemManage_Handler
                0x0000000008000d90        0x6 ./Core/Src/stm32f1xx_it.o
                0x0000000008000d90                MemManage_Handler
 .text.BusFault_Handler
                0x0000000008000d96        0x6 ./Core/Src/stm32f1xx_it.o
                0x0000000008000d96                BusFault_Handler
 .text.UsageFault_Handler
                0x0000000008000d9c        0x6 ./Core/Src/stm32f1xx_it.o
                0x0000000008000d9c                UsageFault_Handler
 .text.SVC_Handler
                0x0000000008000da2        0xc ./Core/Src/stm32f1xx_it.o
                0x0000000008000da2                SVC_Handler
 .text.DebugMon_Handler
                0x0000000008000dae        0xc ./Core/Src/stm32f1xx_it.o
                0x0000000008000dae                DebugMon_Handler
 .text.PendSV_Handler
                0x0000000008000dba        0xc ./Core/Src/stm32f1xx_it.o
                0x0000000008000dba                PendSV_Handler
 .text.SysTick_Handler
                0x0000000008000dc6        0xc ./Core/Src/stm32f1xx_it.o
                0x0000000008000dc6                SysTick_Handler
 *fill*         0x0000000008000dd2        0x2 
 .text.TIM3_IRQHandler
                0x0000000008000dd4       0x14 ./Core/Src/stm32f1xx_it.o
                0x0000000008000dd4                TIM3_IRQHandler
 .text.SystemInit
                0x0000000008000de8        0xc ./Core/Src/system_stm32f1xx.o
                0x0000000008000de8                SystemInit
 .text.Reset_Handler
                0x0000000008000df4       0x48 ./Core/Startup/startup_stm32f103c8tx.o
                0x0000000008000df4                Reset_Handler
 .text.Default_Handler
                0x0000000008000e3c        0x2 ./Core/Startup/startup_stm32f103c8tx.o
                0x0000000008000e3c                RTC_Alarm_IRQHandler
                0x0000000008000e3c                EXTI2_IRQHandler
                0x0000000008000e3c                TIM1_CC_IRQHandler
                0x0000000008000e3c                PVD_IRQHandler
                0x0000000008000e3c                EXTI3_IRQHandler
                0x0000000008000e3c                EXTI0_IRQHandler
                0x0000000008000e3c                I2C2_EV_IRQHandler
                0x0000000008000e3c                ADC1_2_IRQHandler
                0x0000000008000e3c                SPI1_IRQHandler
                0x0000000008000e3c                TAMPER_IRQHandler
                0x0000000008000e3c                DMA1_Channel4_IRQHandler
                0x0000000008000e3c                USART3_IRQHandler
                0x0000000008000e3c                RTC_IRQHandler
                0x0000000008000e3c                DMA1_Channel7_IRQHandler
                0x0000000008000e3c                CAN1_RX1_IRQHandler
                0x0000000008000e3c                TIM4_IRQHandler
                0x0000000008000e3c                I2C1_EV_IRQHandler
                0x0000000008000e3c                DMA1_Channel6_IRQHandler
                0x0000000008000e3c                RCC_IRQHandler
                0x0000000008000e3c                TIM1_TRG_COM_IRQHandler
                0x0000000008000e3c                DMA1_Channel1_IRQHandler
                0x0000000008000e3c                Default_Handler
                0x0000000008000e3c                EXTI15_10_IRQHandler
                0x0000000008000e3c                EXTI9_5_IRQHandler
                0x0000000008000e3c                SPI2_IRQHandler
                0x0000000008000e3c                DMA1_Channel5_IRQHandler
                0x0000000008000e3c                EXTI4_IRQHandler
                0x0000000008000e3c                USB_LP_CAN1_RX0_IRQHandler
                0x0000000008000e3c                USB_HP_CAN1_TX_IRQHandler
                0x0000000008000e3c                DMA1_Channel3_IRQHandler
                0x0000000008000e3c                TIM1_UP_IRQHandler
                0x0000000008000e3c                WWDG_IRQHandler
                0x0000000008000e3c                TIM2_IRQHandler
                0x0000000008000e3c                TIM1_BRK_IRQHandler
                0x0000000008000e3c                EXTI1_IRQHandler
                0x0000000008000e3c                USART2_IRQHandler
                0x0000000008000e3c                I2C2_ER_IRQHandler
                0x0000000008000e3c                DMA1_Channel2_IRQHandler
                0x0000000008000e3c                CAN1_SCE_IRQHandler
                0x0000000008000e3c                FLASH_IRQHandler
                0x0000000008000e3c                USART1_IRQHandler
                0x0000000008000e3c                I2C1_ER_IRQHandler
                0x0000000008000e3c                USBWakeUp_IRQHandler
 *fill*         0x0000000008000e3e        0x2 
 .text.HAL_Init
                0x0000000008000e40       0x2c ./Drivers/STM32F1xx_HAL_Driver/Src/stm32f1xx_hal.o
                0x0000000008000e40                HAL_Init
 .text.HAL_InitTick
                0x0000000008000e6c       0x60 ./Drivers/STM32F1xx_HAL_Driver/Src/stm32f1xx_hal.o
                0x0000000008000e6c                HAL_InitTick
 .text.HAL_IncTick
                0x0000000008000ecc       0x24 ./Drivers/STM32F1xx_HAL_Driver/Src/stm32f1xx_hal.o
                0x0000000008000ecc                HAL_IncTick
 .text.HAL_GetTick
                0x0000000008000ef0       0x14 ./Drivers/STM32F1xx_HAL_Driver/Src/stm32f1xx_hal.o
                0x0000000008000ef0                HAL_GetTick
 .text.__NVIC_SetPriorityGrouping
                0x0000000008000f04       0x48 ./Drivers/STM32F1xx_HAL_Driver/Src/stm32f1xx_hal_cortex.o
 .text.__NVIC_GetPriorityGrouping
                0x0000000008000f4c       0x1c ./Drivers/STM32F1xx_HAL_Driver/Src/stm32f1xx_hal_cortex.o
 .text.__NVIC_EnableIRQ
                0x0000000008000f68       0x38 ./Drivers/STM32F1xx_HAL_Driver/Src/stm32f1xx_hal_cortex.o
 .text.__NVIC_SetPriority
                0x0000000008000fa0       0x54 ./Drivers/STM32F1xx_HAL_Driver/Src/stm32f1xx_hal_cortex.o
 .text.NVIC_EncodePriority
                0x0000000008000ff4       0x64 ./Drivers/STM32F1xx_HAL_Driver/Src/stm32f1xx_hal_cortex.o
 .text.SysTick_Config
                0x0000000008001058       0x44 ./Drivers/STM32F1xx_HAL_Driver/Src/stm32f1xx_hal_cortex.o
 .text.HAL_NVIC_SetPriorityGrouping
                0x000000000800109c       0x16 ./Drivers/STM32F1xx_HAL_Driver/Src/stm32f1xx_hal_cortex.o
                0x000000000800109c                HAL_NVIC_SetPriorityGrouping
 .text.HAL_NVIC_SetPriority
                0x00000000080010b2       0x38 ./Drivers/STM32F1xx_HAL_Driver/Src/stm32f1xx_hal_cortex.o
                0x00000000080010b2                HAL_NVIC_SetPriority
 .text.HAL_NVIC_EnableIRQ
                0x00000000080010ea       0x1c ./Drivers/STM32F1xx_HAL_Driver/Src/stm32f1xx_hal_cortex.o
                0x00000000080010ea                HAL_NVIC_EnableIRQ
 .text.HAL_SYSTICK_Config
                0x0000000008001106       0x18 ./Drivers/STM32F1xx_HAL_Driver/Src/stm32f1xx_hal_cortex.o
                0x0000000008001106                HAL_SYSTICK_Config
 *fill*         0x000000000800111e        0x2 
 .text.HAL_GPIO_Init
                0x0000000008001120      0x308 ./Drivers/STM32F1xx_HAL_Driver/Src/stm32f1xx_hal_gpio.o
                0x0000000008001120                HAL_GPIO_Init
 .text.HAL_GPIO_WritePin
                0x0000000008001428       0x30 ./Drivers/STM32F1xx_HAL_Driver/Src/stm32f1xx_hal_gpio.o
                0x0000000008001428                HAL_GPIO_WritePin
 .text.HAL_RCC_OscConfig
                0x0000000008001458      0x504 ./Drivers/STM32F1xx_HAL_Driver/Src/stm32f1xx_hal_rcc.o
                0x0000000008001458                HAL_RCC_OscConfig
 .text.HAL_RCC_ClockConfig
                0x000000000800195c      0x1d4 ./Drivers/STM32F1xx_HAL_Driver/Src/stm32f1xx_hal_rcc.o
                0x000000000800195c                HAL_RCC_ClockConfig
 .text.HAL_RCC_GetSysClockFreq
                0x0000000008001b30       0xbc ./Drivers/STM32F1xx_HAL_Driver/Src/stm32f1xx_hal_rcc.o
                0x0000000008001b30                HAL_RCC_GetSysClockFreq
 .text.RCC_Delay
                0x0000000008001bec       0x3c ./Drivers/STM32F1xx_HAL_Driver/Src/stm32f1xx_hal_rcc.o
 .text.HAL_TIM_Base_Init
                0x0000000008001c28       0x9e ./Drivers/STM32F1xx_HAL_Driver/Src/stm32f1xx_hal_tim.o
                0x0000000008001c28                HAL_TIM_Base_Init
 *fill*         0x0000000008001cc6        0x2 
 .text.HAL_TIM_Base_Start_IT
                0x0000000008001cc8       0xa4 ./Drivers/STM32F1xx_HAL_Driver/Src/stm32f1xx_hal_tim.o
                0x0000000008001cc8                HAL_TIM_Base_Start_IT
 .text.HAL_TIM_IRQHandler
                0x0000000008001d6c      0x210 ./Drivers/STM32F1xx_HAL_Driver/Src/stm32f1xx_hal_tim.o
                0x0000000008001d6c                HAL_TIM_IRQHandler
 .text.HAL_TIM_ConfigClockSource
                0x0000000008001f7c      0x188 ./Drivers/STM32F1xx_HAL_Driver/Src/stm32f1xx_hal_tim.o
                0x0000000008001f7c                HAL_TIM_ConfigClockSource
 .text.HAL_TIM_OC_DelayElapsedCallback
                0x0000000008002104       0x12 ./Drivers/STM32F1xx_HAL_Driver/Src/stm32f1xx_hal_tim.o
                0x0000000008002104                HAL_TIM_OC_DelayElapsedCallback
 .text.HAL_TIM_IC_CaptureCallback
                0x0000000008002116       0x12 ./Drivers/STM32F1xx_HAL_Driver/Src/stm32f1xx_hal_tim.o
                0x0000000008002116                HAL_TIM_IC_CaptureCallback
 .text.HAL_TIM_PWM_PulseFinishedCallback
                0x0000000008002128       0x12 ./Drivers/STM32F1xx_HAL_Driver/Src/stm32f1xx_hal_tim.o
                0x0000000008002128                HAL_TIM_PWM_PulseFinishedCallback
 .text.HAL_TIM_TriggerCallback
                0x000000000800213a       0x12 ./Drivers/STM32F1xx_HAL_Driver/Src/stm32f1xx_hal_tim.o
                0x000000000800213a                HAL_TIM_TriggerCallback
 .text.TIM_Base_SetConfig
                0x000000000800214c       0xc4 ./Drivers/STM32F1xx_HAL_Driver/Src/stm32f1xx_hal_tim.o
                0x000000000800214c                TIM_Base_SetConfig
 .text.TIM_TI1_ConfigInputStage
                0x0000000008002210       0x5c ./Drivers/STM32F1xx_HAL_Driver/Src/stm32f1xx_hal_tim.o
 .text.TIM_TI2_ConfigInputStage
                0x000000000800226c       0x5e ./Drivers/STM32F1xx_HAL_Driver/Src/stm32f1xx_hal_tim.o
 .text.TIM_ITRx_SetConfig
                0x00000000080022ca       0x34 ./Drivers/STM32F1xx_HAL_Driver/Src/stm32f1xx_hal_tim.o
 .text.TIM_ETR_SetConfig
                0x00000000080022fe       0x3e ./Drivers/STM32F1xx_HAL_Driver/Src/stm32f1xx_hal_tim.o
                0x00000000080022fe                TIM_ETR_SetConfig
 .text.HAL_TIMEx_MasterConfigSynchronization
                0x000000000800233c       0xbc ./Drivers/STM32F1xx_HAL_Driver/Src/stm32f1xx_hal_tim_ex.o
                0x000000000800233c                HAL_TIMEx_MasterConfigSynchronization
 .text.HAL_TIMEx_CommutCallback
                0x00000000080023f8       0x12 ./Drivers/STM32F1xx_HAL_Driver/Src/stm32f1xx_hal_tim_ex.o
                0x00000000080023f8                HAL_TIMEx_CommutCallback
 .text.HAL_TIMEx_BreakCallback
                0x000000000800240a       0x12 ./Drivers/STM32F1xx_HAL_Driver/Src/stm32f1xx_hal_tim_ex.o
                0x000000000800240a                HAL_TIMEx_BreakCallback
 .text.__libc_init_array
                0x000000000800241c       0x48 c:/st/stm32cubeide_1.9.0/stm32cubeide/plugins/com.st.stm32cube.ide.mcu.externaltools.gnu-tools-for-stm32.10.3-2021.10.win32_1.0.0.202111181127/tools/bin/../lib/gcc/arm-none-eabi/10.3.1/../../../../arm-none-eabi/lib/thumb/v7-m/nofp\libc_nano.a(lib_a-init.o)
                0x000000000800241c                __libc_init_array
 .text.memset   0x0000000008002464       0x10 c:/st/stm32cubeide_1.9.0/stm32cubeide/plugins/com.st.stm32cube.ide.mcu.externaltools.gnu-tools-for-stm32.10.3-2021.10.win32_1.0.0.202111181127/tools/bin/../lib/gcc/arm-none-eabi/10.3.1/../../../../arm-none-eabi/lib/thumb/v7-m/nofp\libc_nano.a(lib_a-memset.o)
                0x0000000008002464                memset
 *(.glue_7)
 .glue_7        0x0000000008002474        0x0 linker stubs
 *(.glue_7t)
 .glue_7t       0x0000000008002474        0x0 linker stubs
 *(.eh_frame)
 .eh_frame      0x0000000008002474        0x0 c:/st/stm32cubeide_1.9.0/stm32cubeide/plugins/com.st.stm32cube.ide.mcu.externaltools.gnu-tools-for-stm32.10.3-2021.10.win32_1.0.0.202111181127/tools/bin/../lib/gcc/arm-none-eabi/10.3.1/thumb/v7-m/nofp/crtbegin.o
 *(.init)
 .init          0x0000000008002474        0x4 c:/st/stm32cubeide_1.9.0/stm32cubeide/plugins/com.st.stm32cube.ide.mcu.externaltools.gnu-tools-for-stm32.10.3-2021.10.win32_1.0.0.202111181127/tools/bin/../lib/gcc/arm-none-eabi/10.3.1/thumb/v7-m/nofp/crti.o
                0x0000000008002474                _init
 .init          0x0000000008002478        0x8 c:/st/stm32cubeide_1.9.0/stm32cubeide/plugins/com.st.stm32cube.ide.mcu.externaltools.gnu-tools-for-stm32.10.3-2021.10.win32_1.0.0.202111181127/tools/bin/../lib/gcc/arm-none-eabi/10.3.1/thumb/v7-m/nofp/crtn.o
 *(.fini)
 .fini          0x0000000008002480        0x4 c:/st/stm32cubeide_1.9.0/stm32cubeide/plugins/com.st.stm32cube.ide.mcu.externaltools.gnu-tools-for-stm32.10.3-2021.10.win32_1.0.0.202111181127/tools/bin/../lib/gcc/arm-none-eabi/10.3.1/thumb/v7-m/nofp/crti.o
                0x0000000008002480                _fini
 .fini          0x0000000008002484        0x8 c:/st/stm32cubeide_1.9.0/stm32cubeide/plugins/com.st.stm32cube.ide.mcu.externaltools.gnu-tools-for-stm32.10.3-2021.10.win32_1.0.0.202111181127/tools/bin/../lib/gcc/arm-none-eabi/10.3.1/thumb/v7-m/nofp/crtn.o
                0x000000000800248c                . = ALIGN (0x4)
                0x000000000800248c                _etext = .

.vfp11_veneer   0x000000000800248c        0x0
 .vfp11_veneer  0x000000000800248c        0x0 linker stubs

.v4_bx          0x000000000800248c        0x0
 .v4_bx         0x000000000800248c        0x0 linker stubs

.iplt           0x000000000800248c        0x0
 .iplt          0x000000000800248c        0x0 c:/st/stm32cubeide_1.9.0/stm32cubeide/plugins/com.st.stm32cube.ide.mcu.externaltools.gnu-tools-for-stm32.10.3-2021.10.win32_1.0.0.202111181127/tools/bin/../lib/gcc/arm-none-eabi/10.3.1/thumb/v7-m/nofp/crtbegin.o

.rodata         0x000000000800248c       0x20
                0x000000000800248c                . = ALIGN (0x4)
 *(.rodata)
 .rodata        0x000000000800248c       0x10 ./Drivers/STM32F1xx_HAL_Driver/Src/stm32f1xx_hal_rcc.o
 *(.rodata*)
 .rodata.AHBPrescTable
                0x000000000800249c       0x10 ./Core/Src/system_stm32f1xx.o
                0x000000000800249c                AHBPrescTable
                0x00000000080024ac                . = ALIGN (0x4)

.rel.dyn        0x00000000080024ac        0x0
 .rel.iplt      0x00000000080024ac        0x0 c:/st/stm32cubeide_1.9.0/stm32cubeide/plugins/com.st.stm32cube.ide.mcu.externaltools.gnu-tools-for-stm32.10.3-2021.10.win32_1.0.0.202111181127/tools/bin/../lib/gcc/arm-none-eabi/10.3.1/thumb/v7-m/nofp/crtbegin.o

.ARM.extab      0x00000000080024ac        0x0
                0x00000000080024ac                . = ALIGN (0x4)
 *(.ARM.extab* .gnu.linkonce.armextab.*)
                0x00000000080024ac                . = ALIGN (0x4)

.ARM            0x00000000080024ac        0x0
                0x00000000080024ac                . = ALIGN (0x4)
                0x00000000080024ac                __exidx_start = .
 *(.ARM.exidx*)
                0x00000000080024ac                __exidx_end = .
                0x00000000080024ac                . = ALIGN (0x4)

.preinit_array  0x00000000080024ac        0x0
                0x00000000080024ac                . = ALIGN (0x4)
                0x00000000080024ac                PROVIDE (__preinit_array_start = .)
 *(.preinit_array*)
                0x00000000080024ac                PROVIDE (__preinit_array_end = .)
                0x00000000080024ac                . = ALIGN (0x4)

.init_array     0x00000000080024ac        0x4
                0x00000000080024ac                . = ALIGN (0x4)
                0x00000000080024ac                PROVIDE (__init_array_start = .)
 *(SORT_BY_NAME(.init_array.*))
 *(.init_array*)
 .init_array    0x00000000080024ac        0x4 c:/st/stm32cubeide_1.9.0/stm32cubeide/plugins/com.st.stm32cube.ide.mcu.externaltools.gnu-tools-for-stm32.10.3-2021.10.win32_1.0.0.202111181127/tools/bin/../lib/gcc/arm-none-eabi/10.3.1/thumb/v7-m/nofp/crtbegin.o
                0x00000000080024b0                PROVIDE (__init_array_end = .)
                0x00000000080024b0                . = ALIGN (0x4)

.fini_array     0x00000000080024b0        0x4
                0x00000000080024b0                . = ALIGN (0x4)
                [!provide]                        PROVIDE (__fini_array_start = .)
 *(SORT_BY_NAME(.fini_array.*))
 *(.fini_array*)
 .fini_array    0x00000000080024b0        0x4 c:/st/stm32cubeide_1.9.0/stm32cubeide/plugins/com.st.stm32cube.ide.mcu.externaltools.gnu-tools-for-stm32.10.3-2021.10.win32_1.0.0.202111181127/tools/bin/../lib/gcc/arm-none-eabi/10.3.1/thumb/v7-m/nofp/crtbegin.o
                [!provide]                        PROVIDE (__fini_array_end = .)
                0x00000000080024b4                . = ALIGN (0x4)
                0x00000000080024b4                _sidata = LOADADDR (.data)

.data           0x0000000020000000        0xc load address 0x00000000080024b4
                0x0000000020000000                . = ALIGN (0x4)
                0x0000000020000000                _sdata = .
 *(.data)
 *(.data*)
 .data.SystemCoreClock
                0x0000000020000000        0x4 ./Core/Src/system_stm32f1xx.o
                0x0000000020000000                SystemCoreClock
 .data.uwTickPrio
                0x0000000020000004        0x4 ./Drivers/STM32F1xx_HAL_Driver/Src/stm32f1xx_hal.o
                0x0000000020000004                uwTickPrio
 .data.uwTickFreq
                0x0000000020000008        0x1 ./Drivers/STM32F1xx_HAL_Driver/Src/stm32f1xx_hal.o
                0x0000000020000008                uwTickFreq
 *(.RamFunc)
 *(.RamFunc*)
                0x000000002000000c                . = ALIGN (0x4)
 *fill*         0x0000000020000009        0x3 
                0x000000002000000c                _edata = .

.igot.plt       0x000000002000000c        0x0 load address 0x00000000080024c0
 .igot.plt      0x000000002000000c        0x0 c:/st/stm32cubeide_1.9.0/stm32cubeide/plugins/com.st.stm32cube.ide.mcu.externaltools.gnu-tools-for-stm32.10.3-2021.10.win32_1.0.0.202111181127/tools/bin/../lib/gcc/arm-none-eabi/10.3.1/thumb/v7-m/nofp/crtbegin.o
                0x000000002000000c                . = ALIGN (0x4)

.bss            0x000000002000000c      0x284 load address 0x00000000080024c0
                0x000000002000000c                _sbss = .
                0x000000002000000c                __bss_start__ = _sbss
 *(.bss)
 .bss           0x000000002000000c       0x1c c:/st/stm32cubeide_1.9.0/stm32cubeide/plugins/com.st.stm32cube.ide.mcu.externaltools.gnu-tools-for-stm32.10.3-2021.10.win32_1.0.0.202111181127/tools/bin/../lib/gcc/arm-none-eabi/10.3.1/thumb/v7-m/nofp/crtbegin.o
 *(.bss*)
 .bss.htim3     0x0000000020000028       0x48 ./Core/Src/main.o
                0x0000000020000028                htim3
 .bss.sm        0x0000000020000070       0x30 ./Core/Src/main.o
                0x0000000020000070                sm
 .bss.timers    0x00000000200000a0      0x1e0 ./Core/Src/main.o
 .bss.timer_service
                0x0000000020000280        0xc ./Core/Src/main.o
 .bss.uwTick    0x000000002000028c        0x4 ./Drivers/STM32F1xx_HAL_Driver/Src/stm32f1xx_hal.o
                0x000000002000028c                uwTick
 *(COMMON)
                0x0000000020000290                . = ALIGN (0x4)
                0x0000000020000290                _ebss = .
                0x0000000020000290                __bss_end__ = _ebss

._user_heap_stack
                0x0000000020000290      0x600 load address 0x00000000080024c0
                0x0000000020000290                . = ALIGN (0x8)
                [!provide]                        PROVIDE (end = .)
                0x0000000020000290                PROVIDE (_end = .)
                0x0000000020000490                . = (. + _Min_Heap_Size)
 *fill*         0x0000000020000290      0x200 
                0x0000000020000890                . = (. + _Min_Stack_Size)
 *fill*         0x0000000020000490      0x400 
                0x0000000020000890                . = ALIGN (0x8)

/DISCARD/
 libc.a(*)
 libm.a(*)
 libgcc.a(*)

.ARM.attributes
                0x0000000000000000       0x29
 *(.ARM.attributes)
 .ARM.attributes
                0x0000000000000000       0x1d c:/st/stm32cubeide_1.9.0/stm32cubeide/plugins/com.st.stm32cube.ide.mcu.externaltools.gnu-tools-for-stm32.10.3-2021.10.win32_1.0.0.202111181127/tools/bin/../lib/gcc/arm-none-eabi/10.3.1/thumb/v7-m/nofp/crti.o
 .ARM.attributes
                0x000000000000001d       0x2d c:/st/stm32cubeide_1.9.0/stm32cubeide/plugins/com.st.stm32cube.ide.mcu.externaltools.gnu-tools-for-stm32.10.3-2021.10.win32_1.0.0.202111181127/tools/bin/../lib/gcc/arm-none-eabi/10.3.1/thumb/v7-m/nofp/crtbegin.o
 .ARM.attributes
                0x000000000000004a       0x2d ./Core/Src/blinky.o
 .ARM.attributes
                0x0000000000000077       0x2d ./Core/Src/main.o
 .ARM.attributes
                0x00000000000000a4       0x2d ./Core/Src/sc_timer_service.o
 .ARM.attributes
                0x00000000000000d1       0x2d ./Core/Src/stm32f1xx_hal_msp.o
 .ARM.attributes
                0x00000000000000fe       0x2d ./Core/Src/stm32f1xx_it.o
 .ARM.attributes
                0x000000000000012b       0x2d ./Core/Src/system_stm32f1xx.o
 .ARM.attributes
                0x0000000000000158       0x21 ./Core/Startup/startup_stm32f103c8tx.o
 .ARM.attributes
                0x0000000000000179       0x2d ./Drivers/STM32F1xx_HAL_Driver/Src/stm32f1xx_hal.o
 .ARM.attributes
                0x00000000000001a6       0x2d ./Drivers/STM32F1xx_HAL_Driver/Src/stm32f1xx_hal_cortex.o
 .ARM.attributes
                0x00000000000001d3       0x2d ./Drivers/STM32F1xx_HAL_Driver/Src/stm32f1xx_hal_gpio.o
 .ARM.attributes
                0x0000000000000200       0x2d ./Drivers/STM32F1xx_HAL_Driver/Src/stm32f1xx_hal_rcc.o
 .ARM.attributes
                0x000000000000022d       0x2d ./Drivers/STM32F1xx_HAL_Driver/Src/stm32f1xx_hal_tim.o
 .ARM.attributes
                0x000000000000025a       0x2d ./Drivers/STM32F1xx_HAL_Driver/Src/stm32f1xx_hal_tim_ex.o
 .ARM.attributes
                0x0000000000000287       0x2d c:/st/stm32cubeide_1.9.0/stm32cubeide/plugins/com.st.stm32cube.ide.mcu.externaltools.gnu-tools-for-stm32.10.3-2021.10.win32_1.0.0.202111181127/tools/bin/../lib/gcc/arm-none-eabi/10.3.1/../../../../arm-none-eabi/lib/thumb/v7-m/nofp\libc_nano.a(lib_a-init.o)
 .ARM.attributes
                0x00000000000002b4       0x2d c:/st/stm32cubeide_1.9.0/stm32cubeide/plugins/com.st.stm32cube.ide.mcu.externaltools.gnu-tools-for-stm32.10.3-2021.10.win32_1.0.0.202111181127/tools/bin/../lib/gcc/arm-none-eabi/10.3.1/../../../../arm-none-eabi/lib/thumb/v7-m/nofp\libc_nano.a(lib_a-memset.o)
 .ARM.attributes
                0x00000000000002e1       0x1d c:/st/stm32cubeide_1.9.0/stm32cubeide/plugins/com.st.stm32cube.ide.mcu.externaltools.gnu-tools-for-stm32.10.3-2021.10.win32_1.0.0.202111181127/tools/bin/../lib/gcc/arm-none-eabi/10.3.1/thumb/v7-m/nofp/crtn.o
OUTPUT(prueba-yakindu.elf elf32-littlearm)
LOAD linker stubs
LOAD c:/st/stm32cubeide_1.9.0/stm32cubeide/plugins/com.st.stm32cube.ide.mcu.externaltools.gnu-tools-for-stm32.10.3-2021.10.win32_1.0.0.202111181127/tools/bin/../lib/gcc/arm-none-eabi/10.3.1/../../../../arm-none-eabi/lib/thumb/v7-m/nofp\libc.a
LOAD c:/st/stm32cubeide_1.9.0/stm32cubeide/plugins/com.st.stm32cube.ide.mcu.externaltools.gnu-tools-for-stm32.10.3-2021.10.win32_1.0.0.202111181127/tools/bin/../lib/gcc/arm-none-eabi/10.3.1/../../../../arm-none-eabi/lib/thumb/v7-m/nofp\libm.a
LOAD c:/st/stm32cubeide_1.9.0/stm32cubeide/plugins/com.st.stm32cube.ide.mcu.externaltools.gnu-tools-for-stm32.10.3-2021.10.win32_1.0.0.202111181127/tools/bin/../lib/gcc/arm-none-eabi/10.3.1/thumb/v7-m/nofp\libgcc.a

.debug_info     0x0000000000000000     0x9176
 .debug_info    0x0000000000000000      0xb29 ./Core/Src/blinky.o
 .debug_info    0x0000000000000b29     0x1080 ./Core/Src/main.o
 .debug_info    0x0000000000001ba9      0x345 ./Core/Src/sc_timer_service.o
 .debug_info    0x0000000000001eee      0x985 ./Core/Src/stm32f1xx_hal_msp.o
 .debug_info    0x0000000000002873      0x6ea ./Core/Src/stm32f1xx_it.o
 .debug_info    0x0000000000002f5d      0x23d ./Core/Src/system_stm32f1xx.o
 .debug_info    0x000000000000319a       0x22 ./Core/Startup/startup_stm32f103c8tx.o
 .debug_info    0x00000000000031bc      0x734 ./Drivers/STM32F1xx_HAL_Driver/Src/stm32f1xx_hal.o
 .debug_info    0x00000000000038f0      0xb20 ./Drivers/STM32F1xx_HAL_Driver/Src/stm32f1xx_hal_cortex.o
 .debug_info    0x0000000000004410      0x615 ./Drivers/STM32F1xx_HAL_Driver/Src/stm32f1xx_hal_gpio.o
 .debug_info    0x0000000000004a25      0x860 ./Drivers/STM32F1xx_HAL_Driver/Src/stm32f1xx_hal_rcc.o
 .debug_info    0x0000000000005285     0x29de ./Drivers/STM32F1xx_HAL_Driver/Src/stm32f1xx_hal_tim.o
 .debug_info    0x0000000000007c63     0x1513 ./Drivers/STM32F1xx_HAL_Driver/Src/stm32f1xx_hal_tim_ex.o

.debug_abbrev   0x0000000000000000     0x1888
 .debug_abbrev  0x0000000000000000      0x28b ./Core/Src/blinky.o
 .debug_abbrev  0x000000000000028b      0x271 ./Core/Src/main.o
 .debug_abbrev  0x00000000000004fc      0x10f ./Core/Src/sc_timer_service.o
 .debug_abbrev  0x000000000000060b      0x19f ./Core/Src/stm32f1xx_hal_msp.o
 .debug_abbrev  0x00000000000007aa      0x184 ./Core/Src/stm32f1xx_it.o
 .debug_abbrev  0x000000000000092e      0x13b ./Core/Src/system_stm32f1xx.o
 .debug_abbrev  0x0000000000000a69       0x12 ./Core/Startup/startup_stm32f103c8tx.o
 .debug_abbrev  0x0000000000000a7b      0x1fb ./Drivers/STM32F1xx_HAL_Driver/Src/stm32f1xx_hal.o
 .debug_abbrev  0x0000000000000c76      0x2ed ./Drivers/STM32F1xx_HAL_Driver/Src/stm32f1xx_hal_cortex.o
 .debug_abbrev  0x0000000000000f63      0x1bb ./Drivers/STM32F1xx_HAL_Driver/Src/stm32f1xx_hal_gpio.o
 .debug_abbrev  0x000000000000111e      0x2a8 ./Drivers/STM32F1xx_HAL_Driver/Src/stm32f1xx_hal_rcc.o
 .debug_abbrev  0x00000000000013c6      0x25d ./Drivers/STM32F1xx_HAL_Driver/Src/stm32f1xx_hal_tim.o
 .debug_abbrev  0x0000000000001623      0x265 ./Drivers/STM32F1xx_HAL_Driver/Src/stm32f1xx_hal_tim_ex.o

.debug_aranges  0x0000000000000000      0xab8
 .debug_aranges
                0x0000000000000000      0x138 ./Core/Src/blinky.o
 .debug_aranges
                0x0000000000000138       0x58 ./Core/Src/main.o
 .debug_aranges
                0x0000000000000190       0x40 ./Core/Src/sc_timer_service.o
 .debug_aranges
                0x00000000000001d0       0x30 ./Core/Src/stm32f1xx_hal_msp.o
 .debug_aranges
                0x0000000000000200       0x68 ./Core/Src/stm32f1xx_it.o
 .debug_aranges
                0x0000000000000268       0x28 ./Core/Src/system_stm32f1xx.o
 .debug_aranges
                0x0000000000000290       0x28 ./Core/Startup/startup_stm32f103c8tx.o
 .debug_aranges
                0x00000000000002b8       0xe0 ./Drivers/STM32F1xx_HAL_Driver/Src/stm32f1xx_hal.o
 .debug_aranges
                0x0000000000000398      0x100 ./Drivers/STM32F1xx_HAL_Driver/Src/stm32f1xx_hal_cortex.o
 .debug_aranges
                0x0000000000000498       0x58 ./Drivers/STM32F1xx_HAL_Driver/Src/stm32f1xx_hal_gpio.o
 .debug_aranges
                0x00000000000004f0       0x90 ./Drivers/STM32F1xx_HAL_Driver/Src/stm32f1xx_hal_rcc.o
 .debug_aranges
                0x0000000000000580      0x3d0 ./Drivers/STM32F1xx_HAL_Driver/Src/stm32f1xx_hal_tim.o
 .debug_aranges
                0x0000000000000950      0x168 ./Drivers/STM32F1xx_HAL_Driver/Src/stm32f1xx_hal_tim_ex.o

.debug_ranges   0x0000000000000000      0x9f0
 .debug_ranges  0x0000000000000000      0x128 ./Core/Src/blinky.o
 .debug_ranges  0x0000000000000128       0x48 ./Core/Src/main.o
 .debug_ranges  0x0000000000000170       0x30 ./Core/Src/sc_timer_service.o
 .debug_ranges  0x00000000000001a0       0x20 ./Core/Src/stm32f1xx_hal_msp.o
 .debug_ranges  0x00000000000001c0       0x58 ./Core/Src/stm32f1xx_it.o
 .debug_ranges  0x0000000000000218       0x18 ./Core/Src/system_stm32f1xx.o
 .debug_ranges  0x0000000000000230       0x20 ./Core/Startup/startup_stm32f103c8tx.o
 .debug_ranges  0x0000000000000250       0xd0 ./Drivers/STM32F1xx_HAL_Driver/Src/stm32f1xx_hal.o
 .debug_ranges  0x0000000000000320       0xf0 ./Drivers/STM32F1xx_HAL_Driver/Src/stm32f1xx_hal_cortex.o
 .debug_ranges  0x0000000000000410       0x48 ./Drivers/STM32F1xx_HAL_Driver/Src/stm32f1xx_hal_gpio.o
 .debug_ranges  0x0000000000000458       0x80 ./Drivers/STM32F1xx_HAL_Driver/Src/stm32f1xx_hal_rcc.o
 .debug_ranges  0x00000000000004d8      0x3c0 ./Drivers/STM32F1xx_HAL_Driver/Src/stm32f1xx_hal_tim.o
 .debug_ranges  0x0000000000000898      0x158 ./Drivers/STM32F1xx_HAL_Driver/Src/stm32f1xx_hal_tim_ex.o

.debug_macro    0x0000000000000000    0x177d9
 .debug_macro   0x0000000000000000      0x1e8 ./Core/Src/blinky.o
 .debug_macro   0x00000000000001e8      0xa6c ./Core/Src/blinky.o
 .debug_macro   0x0000000000000c54       0x22 ./Core/Src/blinky.o
 .debug_macro   0x0000000000000c76       0x8e ./Core/Src/blinky.o
 .debug_macro   0x0000000000000d04       0x51 ./Core/Src/blinky.o
 .debug_macro   0x0000000000000d55      0x103 ./Core/Src/blinky.o
 .debug_macro   0x0000000000000e58       0x6a ./Core/Src/blinky.o
 .debug_macro   0x0000000000000ec2      0x1df ./Core/Src/blinky.o
 .debug_macro   0x00000000000010a1       0x22 ./Core/Src/blinky.o
 .debug_macro   0x00000000000010c3       0x1c ./Core/Src/blinky.o
 .debug_macro   0x00000000000010df      0x215 ./Core/Src/blinky.o
 .debug_macro   0x00000000000012f4       0x2e ./Core/Src/blinky.o
 .debug_macro   0x0000000000001322       0x22 ./Core/Src/blinky.o
 .debug_macro   0x0000000000001344       0x1c ./Core/Src/blinky.o
 .debug_macro   0x0000000000001360       0x22 ./Core/Src/blinky.o
 .debug_macro   0x0000000000001382       0xbd ./Core/Src/blinky.o
 .debug_macro   0x000000000000143f      0xd23 ./Core/Src/blinky.o
 .debug_macro   0x0000000000002162     0xe09e ./Core/Src/blinky.o
 .debug_macro   0x0000000000010200       0x6d ./Core/Src/blinky.o
 .debug_macro   0x000000000001026d     0x3468 ./Core/Src/blinky.o
 .debug_macro   0x00000000000136d5      0x174 ./Core/Src/blinky.o
 .debug_macro   0x0000000000013849       0x5c ./Core/Src/blinky.o
 .debug_macro   0x00000000000138a5      0x5be ./Core/Src/blinky.o
 .debug_macro   0x0000000000013e63      0x289 ./Core/Src/blinky.o
 .debug_macro   0x00000000000140ec      0x1cb ./Core/Src/blinky.o
 .debug_macro   0x00000000000142b7      0x114 ./Core/Src/blinky.o
 .debug_macro   0x00000000000143cb      0x1b2 ./Core/Src/blinky.o
 .debug_macro   0x000000000001457d       0x27 ./Core/Src/blinky.o
 .debug_macro   0x00000000000145a4      0x136 ./Core/Src/blinky.o
 .debug_macro   0x00000000000146da      0x1bc ./Core/Src/blinky.o
 .debug_macro   0x0000000000014896       0x34 ./Core/Src/blinky.o
 .debug_macro   0x00000000000148ca       0x3c ./Core/Src/blinky.o
 .debug_macro   0x0000000000014906       0x57 ./Core/Src/blinky.o
 .debug_macro   0x000000000001495d       0x88 ./Core/Src/blinky.o
 .debug_macro   0x00000000000149e5      0x241 ./Core/Src/blinky.o
 .debug_macro   0x0000000000014c26      0x141 ./Core/Src/blinky.o
 .debug_macro   0x0000000000014d67      0x8d1 ./Core/Src/blinky.o
 .debug_macro   0x0000000000015638       0x83 ./Core/Src/blinky.o
 .debug_macro   0x00000000000156bb       0x34 ./Core/Src/blinky.o
 .debug_macro   0x00000000000156ef      0x1ea ./Core/Src/main.o
 .debug_macro   0x00000000000158d9       0x3a ./Core/Src/main.o
 .debug_macro   0x0000000000015913      0x211 ./Core/Src/sc_timer_service.o
 .debug_macro   0x0000000000015b24       0x18 ./Core/Src/sc_timer_service.o
 .debug_macro   0x0000000000015b3c       0x4c ./Core/Src/sc_timer_service.o
 .debug_macro   0x0000000000015b88       0x94 ./Core/Src/sc_timer_service.o
 .debug_macro   0x0000000000015c1c       0x3c ./Core/Src/sc_timer_service.o
 .debug_macro   0x0000000000015c58       0x34 ./Core/Src/sc_timer_service.o
 .debug_macro   0x0000000000015c8c       0x16 ./Core/Src/sc_timer_service.o
 .debug_macro   0x0000000000015ca2      0x10e ./Core/Src/sc_timer_service.o
 .debug_macro   0x0000000000015db0       0x8d ./Core/Src/sc_timer_service.o
 .debug_macro   0x0000000000015e3d       0x16 ./Core/Src/sc_timer_service.o
 .debug_macro   0x0000000000015e53       0x43 ./Core/Src/sc_timer_service.o
 .debug_macro   0x0000000000015e96       0x57 ./Core/Src/sc_timer_service.o
 .debug_macro   0x0000000000015eed       0x34 ./Core/Src/sc_timer_service.o
 .debug_macro   0x0000000000015f21       0x10 ./Core/Src/sc_timer_service.o
 .debug_macro   0x0000000000015f31       0x58 ./Core/Src/sc_timer_service.o
 .debug_macro   0x0000000000015f89       0x71 ./Core/Src/sc_timer_service.o
 .debug_macro   0x0000000000015ffa       0x1c ./Core/Src/sc_timer_service.o
 .debug_macro   0x0000000000016016      0x12a ./Core/Src/sc_timer_service.o
 .debug_macro   0x0000000000016140      0x341 ./Core/Src/sc_timer_service.o
 .debug_macro   0x0000000000016481       0x16 ./Core/Src/sc_timer_service.o
 .debug_macro   0x0000000000016497       0x29 ./Core/Src/sc_timer_service.o
 .debug_macro   0x00000000000164c0       0x1c ./Core/Src/sc_timer_service.o
 .debug_macro   0x00000000000164dc       0x35 ./Core/Src/sc_timer_service.o
 .debug_macro   0x0000000000016511       0x10 ./Core/Src/sc_timer_service.o
 .debug_macro   0x0000000000016521       0x10 ./Core/Src/sc_timer_service.o
 .debug_macro   0x0000000000016531       0x1c ./Core/Src/sc_timer_service.o
 .debug_macro   0x000000000001654d       0x52 ./Core/Src/sc_timer_service.o
 .debug_macro   0x000000000001659f       0x22 ./Core/Src/sc_timer_service.o
 .debug_macro   0x00000000000165c1       0x10 ./Core/Src/sc_timer_service.o
 .debug_macro   0x00000000000165d1       0x52 ./Core/Src/sc_timer_service.o
 .debug_macro   0x0000000000016623       0xd5 ./Core/Src/sc_timer_service.o
 .debug_macro   0x00000000000166f8       0x1c ./Core/Src/sc_timer_service.o
 .debug_macro   0x0000000000016714       0x3d ./Core/Src/sc_timer_service.o
 .debug_macro   0x0000000000016751       0x16 ./Core/Src/sc_timer_service.o
 .debug_macro   0x0000000000016767      0x145 ./Core/Src/sc_timer_service.o
 .debug_macro   0x00000000000168ac      0x1a9 ./Core/Src/stm32f1xx_hal_msp.o
 .debug_macro   0x0000000000016a55      0x1b3 ./Core/Src/stm32f1xx_it.o
 .debug_macro   0x0000000000016c08      0x199 ./Core/Src/system_stm32f1xx.o
 .debug_macro   0x0000000000016da1      0x1bd ./Drivers/STM32F1xx_HAL_Driver/Src/stm32f1xx_hal.o
 .debug_macro   0x0000000000016f5e      0x199 ./Drivers/STM32F1xx_HAL_Driver/Src/stm32f1xx_hal_cortex.o
 .debug_macro   0x00000000000170f7      0x204 ./Drivers/STM32F1xx_HAL_Driver/Src/stm32f1xx_hal_gpio.o
 .debug_macro   0x00000000000172fb      0x1ab ./Drivers/STM32F1xx_HAL_Driver/Src/stm32f1xx_hal_rcc.o
 .debug_macro   0x00000000000174a6      0x19a ./Drivers/STM32F1xx_HAL_Driver/Src/stm32f1xx_hal_tim.o
 .debug_macro   0x0000000000017640      0x199 ./Drivers/STM32F1xx_HAL_Driver/Src/stm32f1xx_hal_tim_ex.o

.debug_line     0x0000000000000000     0xa620
 .debug_line    0x0000000000000000      0xbfe ./Core/Src/blinky.o
 .debug_line    0x0000000000000bfe      0x805 ./Core/Src/main.o
 .debug_line    0x0000000000001403      0x790 ./Core/Src/sc_timer_service.o
 .debug_line    0x0000000000001b93      0x691 ./Core/Src/stm32f1xx_hal_msp.o
 .debug_line    0x0000000000002224      0x730 ./Core/Src/stm32f1xx_it.o
 .debug_line    0x0000000000002954      0x6d4 ./Core/Src/system_stm32f1xx.o
 .debug_line    0x0000000000003028       0x87 ./Core/Startup/startup_stm32f103c8tx.o
 .debug_line    0x00000000000030af      0x901 ./Drivers/STM32F1xx_HAL_Driver/Src/stm32f1xx_hal.o
 .debug_line    0x00000000000039b0      0xae9 ./Drivers/STM32F1xx_HAL_Driver/Src/stm32f1xx_hal_cortex.o
 .debug_line    0x0000000000004499      0x998 ./Drivers/STM32F1xx_HAL_Driver/Src/stm32f1xx_hal_gpio.o
 .debug_line    0x0000000000004e31      0xd0f ./Drivers/STM32F1xx_HAL_Driver/Src/stm32f1xx_hal_rcc.o
 .debug_line    0x0000000000005b40     0x32b7 ./Drivers/STM32F1xx_HAL_Driver/Src/stm32f1xx_hal_tim.o
 .debug_line    0x0000000000008df7     0x1829 ./Drivers/STM32F1xx_HAL_Driver/Src/stm32f1xx_hal_tim_ex.o

.debug_str      0x0000000000000000    0x8845f
 .debug_str     0x0000000000000000    0x81afe ./Core/Src/blinky.o
                                      0x81ea0 (size before relaxing)
 .debug_str     0x0000000000081afe      0x892 ./Core/Src/main.o
                                      0x82479 (size before relaxing)
 .debug_str     0x0000000000082390     0x3e51 ./Core/Src/sc_timer_service.o
                                       0x7f25 (size before relaxing)
 .debug_str     0x00000000000861e1      0x33a ./Core/Src/stm32f1xx_hal_msp.o
                                      0x81ee7 (size before relaxing)
 .debug_str     0x000000000008651b       0xec ./Core/Src/stm32f1xx_it.o
                                      0x81be8 (size before relaxing)
 .debug_str     0x0000000000086607       0x88 ./Core/Src/system_stm32f1xx.o
                                      0x81702 (size before relaxing)
 .debug_str     0x000000000008668f       0x36 ./Core/Startup/startup_stm32f103c8tx.o
                                         0x76 (size before relaxing)
 .debug_str     0x00000000000866c5      0x38e ./Drivers/STM32F1xx_HAL_Driver/Src/stm32f1xx_hal.o
                                      0x81e35 (size before relaxing)
 .debug_str     0x0000000000086a53      0x28a ./Drivers/STM32F1xx_HAL_Driver/Src/stm32f1xx_hal_cortex.o
                                      0x81d81 (size before relaxing)
 .debug_str     0x0000000000086cdd      0x2f6 ./Drivers/STM32F1xx_HAL_Driver/Src/stm32f1xx_hal_gpio.o
                                      0x81a88 (size before relaxing)
 .debug_str     0x0000000000086fd3      0x229 ./Drivers/STM32F1xx_HAL_Driver/Src/stm32f1xx_hal_rcc.o
                                      0x81b31 (size before relaxing)
 .debug_str     0x00000000000871fc      0xdd0 ./Drivers/STM32F1xx_HAL_Driver/Src/stm32f1xx_hal_tim.o
                                      0x82b1c (size before relaxing)
 .debug_str     0x0000000000087fcc      0x493 ./Drivers/STM32F1xx_HAL_Driver/Src/stm32f1xx_hal_tim_ex.o
                                      0x82338 (size before relaxing)

.comment        0x0000000000000000       0x50
 .comment       0x0000000000000000       0x50 ./Core/Src/blinky.o
                                         0x51 (size before relaxing)
 .comment       0x0000000000000050       0x51 ./Core/Src/main.o
 .comment       0x0000000000000050       0x51 ./Core/Src/sc_timer_service.o
 .comment       0x0000000000000050       0x51 ./Core/Src/stm32f1xx_hal_msp.o
 .comment       0x0000000000000050       0x51 ./Core/Src/stm32f1xx_it.o
 .comment       0x0000000000000050       0x51 ./Core/Src/system_stm32f1xx.o
 .comment       0x0000000000000050       0x51 ./Drivers/STM32F1xx_HAL_Driver/Src/stm32f1xx_hal.o
 .comment       0x0000000000000050       0x51 ./Drivers/STM32F1xx_HAL_Driver/Src/stm32f1xx_hal_cortex.o
 .comment       0x0000000000000050       0x51 ./Drivers/STM32F1xx_HAL_Driver/Src/stm32f1xx_hal_gpio.o
 .comment       0x0000000000000050       0x51 ./Drivers/STM32F1xx_HAL_Driver/Src/stm32f1xx_hal_rcc.o
 .comment       0x0000000000000050       0x51 ./Drivers/STM32F1xx_HAL_Driver/Src/stm32f1xx_hal_tim.o
 .comment       0x0000000000000050       0x51 ./Drivers/STM32F1xx_HAL_Driver/Src/stm32f1xx_hal_tim_ex.o

.debug_frame    0x0000000000000000     0x2c3c
 .debug_frame   0x0000000000000000      0x554 ./Core/Src/blinky.o
 .debug_frame   0x0000000000000554      0x11c ./Core/Src/main.o
 .debug_frame   0x0000000000000670       0xd4 ./Core/Src/sc_timer_service.o
 .debug_frame   0x0000000000000744       0x80 ./Core/Src/stm32f1xx_hal_msp.o
 .debug_frame   0x00000000000007c4      0x120 ./Core/Src/stm32f1xx_it.o
 .debug_frame   0x00000000000008e4       0x58 ./Core/Src/system_stm32f1xx.o
 .debug_frame   0x000000000000093c      0x334 ./Drivers/STM32F1xx_HAL_Driver/Src/stm32f1xx_hal.o
 .debug_frame   0x0000000000000c70      0x428 ./Drivers/STM32F1xx_HAL_Driver/Src/stm32f1xx_hal_cortex.o
 .debug_frame   0x0000000000001098      0x14c ./Drivers/STM32F1xx_HAL_Driver/Src/stm32f1xx_hal_gpio.o
 .debug_frame   0x00000000000011e4      0x21c ./Drivers/STM32F1xx_HAL_Driver/Src/stm32f1xx_hal_rcc.o
 .debug_frame   0x0000000000001400     0x11b8 ./Drivers/STM32F1xx_HAL_Driver/Src/stm32f1xx_hal_tim.o
 .debug_frame   0x00000000000025b8      0x638 ./Drivers/STM32F1xx_HAL_Driver/Src/stm32f1xx_hal_tim_ex.o
 .debug_frame   0x0000000000002bf0       0x2c c:/st/stm32cubeide_1.9.0/stm32cubeide/plugins/com.st.stm32cube.ide.mcu.externaltools.gnu-tools-for-stm32.10.3-2021.10.win32_1.0.0.202111181127/tools/bin/../lib/gcc/arm-none-eabi/10.3.1/../../../../arm-none-eabi/lib/thumb/v7-m/nofp\libc_nano.a(lib_a-init.o)
 .debug_frame   0x0000000000002c1c       0x20 c:/st/stm32cubeide_1.9.0/stm32cubeide/plugins/com.st.stm32cube.ide.mcu.externaltools.gnu-tools-for-stm32.10.3-2021.10.win32_1.0.0.202111181127/tools/bin/../lib/gcc/arm-none-eabi/10.3.1/../../../../arm-none-eabi/lib/thumb/v7-m/nofp\libc_nano.a(lib_a-memset.o)
